Unknown:
D:\STUDY\RESEARCH\1First\CST\Experiment\Exp3 ap\Result\farfield (f=12)_1.fme
D:\STUDY\RESEARCH\1First\CST\Experiment\Exp3 ap\Result\farfield (f=12)_2.fme
D:\STUDY\RESEARCH\1First\CST\Experiment\Exp3 ap\Result\farfield (f=4)_1.fme
D:\STUDY\RESEARCH\1First\CST\Experiment\Exp3 ap\Result\farfield (f=4)_2.fme
D:\STUDY\RESEARCH\1First\CST\Experiment\Exp3 ap\Result\farfield (f=8)_1.fme
D:\STUDY\RESEARCH\1First\CST\Experiment\Exp3 ap\Result\farfield (f=8)_2.fme
D:\STUDY\RESEARCH\1First\CST\Experiment\Exp3 ap\Result\loss (#0000)_1(1).pwr
D:\STUDY\RESEARCH\1First\CST\Experiment\Exp3 ap\Result\loss (#0000)_2(1).pwr
D:\STUDY\RESEARCH\1First\CST\Experiment\Exp3 ap\Result\loss (#0001)_1(1).pwr
D:\STUDY\RESEARCH\1First\CST\Experiment\Exp3 ap\Result\loss (#0001)_2(1).pwr
D:\STUDY\RESEARCH\1First\CST\Experiment\Exp3 ap\Result\loss (#0004)_1(1).pwr
D:\STUDY\RESEARCH\1First\CST\Experiment\Exp3 ap\Result\loss (#0004)_2(1).pwr
D:\STUDY\RESEARCH\1First\CST\Experiment\Exp3 ap\Result\ml_info.dat
D:\STUDY\RESEARCH\1First\CST\Experiment\Exp3 ap\Result\ml_info.log
D:\STUDY\RESEARCH\1First\CST\Experiment\Exp3 ap\Result\Model.log
D:\STUDY\RESEARCH\1First\CST\Experiment\Exp3 ap\Result\Model.sa
D:\STUDY\RESEARCH\1First\CST\Experiment\Exp3 ap\Result\Port1_e1(#0000).sct
D:\STUDY\RESEARCH\1First\CST\Experiment\Exp3 ap\Result\Port1_eInfo1(#0000).pmf
D:\STUDY\RESEARCH\1First\CST\Experiment\Exp3 ap\Result\Port1_h1(#0000).sct
D:\STUDY\RESEARCH\1First\CST\Experiment\Exp3 ap\Result\Port1_hInfo1(#0000).pmf
D:\STUDY\RESEARCH\1First\CST\Experiment\Exp3 ap\Result\Port2_e1(#0000).sct
D:\STUDY\RESEARCH\1First\CST\Experiment\Exp3 ap\Result\Port2_eInfo1(#0000).pmf
D:\STUDY\RESEARCH\1First\CST\Experiment\Exp3 ap\Result\Port2_h1(#0000).sct
D:\STUDY\RESEARCH\1First\CST\Experiment\Exp3 ap\Result\Port2_hInfo1(#0000).pmf
D:\STUDY\RESEARCH\1First\CST\Experiment\Exp3 ap\Result\Postprocessing.log
D:\STUDY\RESEARCH\1First\CST\Experiment\Exp3 ap\Result\SolCoef(#0000)_1(1).scf
D:\STUDY\RESEARCH\1First\CST\Experiment\Exp3 ap\Result\SolCoef(#0000)_2(1).scf
D:\STUDY\RESEARCH\1First\CST\Experiment\Exp3 ap\Result\SolCoef(#0001)_1(1).scf
D:\STUDY\RESEARCH\1First\CST\Experiment\Exp3 ap\Result\SolCoef(#0001)_2(1).scf
D:\STUDY\RESEARCH\1First\CST\Experiment\Exp3 ap\Result\SolCoef(#0002)_1(1).scf
D:\STUDY\RESEARCH\1First\CST\Experiment\Exp3 ap\Result\SolCoef(#0002)_2(1).scf
D:\STUDY\RESEARCH\1First\CST\Experiment\Exp3 ap\Result\SolCoef(#0003)_1(1).scf
D:\STUDY\RESEARCH\1First\CST\Experiment\Exp3 ap\Result\SolCoef(#0003)_2(1).scf
D:\STUDY\RESEARCH\1First\CST\Experiment\Exp3 ap\Result\SolCoef(#0004)_1(1).scf
D:\STUDY\RESEARCH\1First\CST\Experiment\Exp3 ap\Result\SolCoef(#0004)_2(1).scf
D:\STUDY\RESEARCH\1First\CST\Experiment\Exp3 ap\Result\SolCoef(#0005)_1(1).scf
D:\STUDY\RESEARCH\1First\CST\Experiment\Exp3 ap\Result\SolCoef(#0005)_2(1).scf
D:\STUDY\RESEARCH\1First\CST\Experiment\Exp3 ap\Result\SolCoef(#0006)_1(1).scf
D:\STUDY\RESEARCH\1First\CST\Experiment\Exp3 ap\Result\SolCoef(#0006)_2(1).scf
D:\STUDY\RESEARCH\1First\CST\Experiment\Exp3 ap\Result\SolCoef(#0007)_1(1).scf
D:\STUDY\RESEARCH\1First\CST\Experiment\Exp3 ap\Result\SolCoef(#0007)_2(1).scf
D:\STUDY\RESEARCH\1First\CST\Experiment\Exp3 ap\Result\SolCoef(#0008)_1(1).scf
D:\STUDY\RESEARCH\1First\CST\Experiment\Exp3 ap\Result\SolCoef(#0008)_2(1).scf
D:\STUDY\RESEARCH\1First\CST\Experiment\Exp3 ap\Result\SolCoef(#0009)_1(1).scf
D:\STUDY\RESEARCH\1First\CST\Experiment\Exp3 ap\Result\SolCoef(#0009)_2(1).scf
D:\STUDY\RESEARCH\1First\CST\Experiment\Exp3 ap\Result\SolCoef(#0010)_1(1).scf
D:\STUDY\RESEARCH\1First\CST\Experiment\Exp3 ap\Result\SolCoef(#0010)_2(1).scf
D:\STUDY\RESEARCH\1First\CST\Experiment\Exp3 ap\Result\SolCoef(#0011)_1(1).scf
D:\STUDY\RESEARCH\1First\CST\Experiment\Exp3 ap\Result\SolCoef(#0011)_2(1).scf
D:\STUDY\RESEARCH\1First\CST\Experiment\Exp3 ap\Result\SolCoef(#0012)_1(1).scf
D:\STUDY\RESEARCH\1First\CST\Experiment\Exp3 ap\Result\SolCoef(#0012)_2(1).scf
D:\STUDY\RESEARCH\1First\CST\Experiment\Exp3 ap\Result\SolCoef(#0013)_1(1).scf
D:\STUDY\RESEARCH\1First\CST\Experiment\Exp3 ap\Result\SolCoef(#0013)_2(1).scf
D:\STUDY\RESEARCH\1First\CST\Experiment\Exp3 ap\Result\SolCoef(#0014)_1(1).scf
D:\STUDY\RESEARCH\1First\CST\Experiment\Exp3 ap\Result\SolCoef(#0014)_2(1).scf
D:\STUDY\RESEARCH\1First\CST\Experiment\Exp3 ap\Result\SolCoef(#0015)_1(1).scf
D:\STUDY\RESEARCH\1First\CST\Experiment\Exp3 ap\Result\SolCoef(#0015)_2(1).scf
D:\STUDY\RESEARCH\1First\CST\Experiment\Exp3 ap\Result\SolCoef(#0016)_1(1).scf
D:\STUDY\RESEARCH\1First\CST\Experiment\Exp3 ap\Result\SolCoef(#0016)_2(1).scf
D:\STUDY\RESEARCH\1First\CST\Experiment\Exp3 ap\Result\SolCoef(#0017)_1(1).scf
D:\STUDY\RESEARCH\1First\CST\Experiment\Exp3 ap\Result\SolCoef(#0017)_2(1).scf
D:\STUDY\RESEARCH\1First\CST\Experiment\Exp3 ap\Result\SolCoef(#0018)_1(1).scf
D:\STUDY\RESEARCH\1First\CST\Experiment\Exp3 ap\Result\SolCoef(#0018)_2(1).scf
D:\STUDY\RESEARCH\1First\CST\Experiment\Exp3 ap\Result\SolCoef(#0019)_1(1).scf
D:\STUDY\RESEARCH\1First\CST\Experiment\Exp3 ap\Result\SolCoef(#0019)_2(1).scf
D:\STUDY\RESEARCH\1First\CST\Experiment\Exp3 ap\Result\SolCoef(#0020)_1(1).scf
D:\STUDY\RESEARCH\1First\CST\Experiment\Exp3 ap\Result\SolCoef(#0020)_2(1).scf
D:\STUDY\RESEARCH\1First\CST\Experiment\Exp3 ap\Result\SolCoef(#0021)_1(1).scf
D:\STUDY\RESEARCH\1First\CST\Experiment\Exp3 ap\Result\SolCoef(#0021)_2(1).scf
D:\STUDY\RESEARCH\1First\CST\Experiment\Exp3 ap\Result\SolCoef(#0022)_1(1).scf
D:\STUDY\RESEARCH\1First\CST\Experiment\Exp3 ap\Result\SolCoef(#0022)_2(1).scf
D:\STUDY\RESEARCH\1First\CST\Experiment\Exp3 ap\Result\SolCoef(#0023)_1(1).scf
D:\STUDY\RESEARCH\1First\CST\Experiment\Exp3 ap\Result\SolCoef(#0023)_2(1).scf
D:\STUDY\RESEARCH\1First\CST\Experiment\Exp3 ap\Result\SolCoef(#0024)_1(1).scf
D:\STUDY\RESEARCH\1First\CST\Experiment\Exp3 ap\Result\SolCoef(#0024)_2(1).scf
D:\STUDY\RESEARCH\1First\CST\Experiment\Exp3 ap\Result\SolCoef(#0025)_1(1).scf
D:\STUDY\RESEARCH\1First\CST\Experiment\Exp3 ap\Result\SolCoef(#0025)_2(1).scf
D:\STUDY\RESEARCH\1First\CST\Experiment\Exp3 ap\Result\SolCoef(#0026)_1(1).scf
D:\STUDY\RESEARCH\1First\CST\Experiment\Exp3 ap\Result\SolCoef(#0026)_2(1).scf
D:\STUDY\RESEARCH\1First\CST\Experiment\Exp3 ap\Result\SolCoef(#0027)_1(1).scf
D:\STUDY\RESEARCH\1First\CST\Experiment\Exp3 ap\Result\SolCoef(#0027)_2(1).scf
D:\STUDY\RESEARCH\1First\CST\Experiment\Exp3 ap\Result\SolCoef(#0028)_1(1).scf
D:\STUDY\RESEARCH\1First\CST\Experiment\Exp3 ap\Result\SolCoef(#0028)_2(1).scf
D:\STUDY\RESEARCH\1First\CST\Experiment\Exp3 ap\Result\SolCoef(#0029)_1(1).scf
D:\STUDY\RESEARCH\1First\CST\Experiment\Exp3 ap\Result\SolCoef(#0029)_2(1).scf
D:\STUDY\RESEARCH\1First\CST\Experiment\Exp3 ap\Result\SolCoef(#0030)_1(1).scf
D:\STUDY\RESEARCH\1First\CST\Experiment\Exp3 ap\Result\SolCoef(#0030)_2(1).scf
D:\STUDY\RESEARCH\1First\CST\Experiment\Exp3 ap\Result\SolCoef(#0031)_1(1).scf
D:\STUDY\RESEARCH\1First\CST\Experiment\Exp3 ap\Result\SolCoef(#0031)_2(1).scf
D:\STUDY\RESEARCH\1First\CST\Experiment\Exp3 ap\Result\SolCoef(#0032)_1(1).scf
D:\STUDY\RESEARCH\1First\CST\Experiment\Exp3 ap\Result\SolCoef(#0032)_2(1).scf
D:\STUDY\RESEARCH\1First\CST\Experiment\Exp3 ap\Result\SolCoef(#0033)_1(1).scf
D:\STUDY\RESEARCH\1First\CST\Experiment\Exp3 ap\Result\SolCoef(#0033)_2(1).scf
Mesh:
D:\STUDY\RESEARCH\1First\CST\Experiment\Exp3 ap\Result\3do.slim
D:\STUDY\RESEARCH\1First\CST\Experiment\Exp3 ap\Result\log.tet
D:\STUDY\RESEARCH\1First\CST\Experiment\Exp3 ap\Result\Mesh_Input.Entities2Mesh.tet
D:\STUDY\RESEARCH\1First\CST\Experiment\Exp3 ap\Result\Mesh_Input.Options.tet
D:\STUDY\RESEARCH\1First\CST\Experiment\Exp3 ap\Result\Mesh_Input.QuasiModel.tet
D:\STUDY\RESEARCH\1First\CST\Experiment\Exp3 ap\Result\Mesh_Output.QuasiModel.tet
D:\STUDY\RESEARCH\1First\CST\Experiment\Exp3 ap\Result\Mesh_Output.U2F.tet
D:\STUDY\RESEARCH\1First\CST\Experiment\Exp3 ap\Result\mir.tet
D:\STUDY\RESEARCH\1First\CST\Experiment\Exp3 ap\Result\moegeom.tet
D:\STUDY\RESEARCH\1First\CST\Experiment\Exp3 ap\Result\Port1.slim
D:\STUDY\RESEARCH\1First\CST\Experiment\Exp3 ap\Result\Port2.slim
D:\STUDY\RESEARCH\1First\CST\Experiment\Exp3 ap\Result\refinementparents.tet
D:\STUDY\RESEARCH\1First\CST\Experiment\Exp3 ap\Result\reftags.tet
D:\STUDY\RESEARCH\1First\CST\Experiment\Exp3 ap\Result\tetquality.tet
D:\STUDY\RESEARCH\1First\CST\Experiment\Exp3 ap\Result\topot.tet
Port:
D:\STUDY\RESEARCH\1First\CST\Experiment\Exp3 ap\Result\Model.pmi
